// Jest Snapshot v1, https://goo.gl/fbAQLP

exports[`index successfully render 1`] = `
ShallowWrapper {
  "length": 1,
  Symbol(enzyme.__root__): [Circular],
  Symbol(enzyme.__unrendered__): <WithData(Apollo(Component))
    cache={Object {}}
  />,
  Symbol(enzyme.__renderer__): Object {
    "batchedUpdates": [Function],
    "getNode": [Function],
    "render": [Function],
    "simulateEvent": [Function],
    "unmount": [Function],
  },
  Symbol(enzyme.__node__): Object {
    "instance": null,
    "key": undefined,
    "nodeType": "class",
    "props": Object {
      "children": <Apollo(Component)
        cache={Object {}}
      />,
      "client": ApolloClient {
        "cache": InMemoryCache {
          "addTypename": true,
          "config": Object {
            "addTypename": true,
            "dataIdFromObject": [Function],
            "fragmentMatcher": IntrospectionFragmentMatcher {
              "isReady": false,
              "match": [Function],
            },
            "storeFactory": [Function],
          },
          "data": ObjectCache {
            "data": Object {},
          },
          "optimistic": Array [],
          "silenceBroadcast": false,
          "watches": Array [],
        },
        "defaultOptions": Object {},
        "disableNetworkFetches": true,
        "link": ApolloLink {
          "request": [Function],
        },
        "mutate": [Function],
        "query": [Function],
        "queryDeduplication": true,
        "reFetchObservableQueries": [Function],
        "resetStore": [Function],
        "ssrMode": true,
        "store": DataStore {
          "cache": InMemoryCache {
            "addTypename": true,
            "config": Object {
              "addTypename": true,
              "dataIdFromObject": [Function],
              "fragmentMatcher": IntrospectionFragmentMatcher {
                "isReady": false,
                "match": [Function],
              },
              "storeFactory": [Function],
            },
            "data": ObjectCache {
              "data": Object {},
            },
            "optimistic": Array [],
            "silenceBroadcast": false,
            "watches": Array [],
          },
        },
        "version": "2.0.4",
        "watchQuery": [Function],
      },
    },
    "ref": null,
    "rendered": Object {
      "instance": null,
      "key": undefined,
      "nodeType": "class",
      "props": Object {
        "cache": Object {},
      },
      "ref": null,
      "rendered": null,
      "type": [Function],
    },
    "type": [Function],
  },
  Symbol(enzyme.__nodes__): Array [
    Object {
      "instance": null,
      "key": undefined,
      "nodeType": "class",
      "props": Object {
        "children": <Apollo(Component)
          cache={Object {}}
        />,
        "client": ApolloClient {
          "cache": InMemoryCache {
            "addTypename": true,
            "config": Object {
              "addTypename": true,
              "dataIdFromObject": [Function],
              "fragmentMatcher": IntrospectionFragmentMatcher {
                "isReady": false,
                "match": [Function],
              },
              "storeFactory": [Function],
            },
            "data": ObjectCache {
              "data": Object {},
            },
            "optimistic": Array [],
            "silenceBroadcast": false,
            "watches": Array [],
          },
          "defaultOptions": Object {},
          "disableNetworkFetches": true,
          "link": ApolloLink {
            "request": [Function],
          },
          "mutate": [Function],
          "query": [Function],
          "queryDeduplication": true,
          "reFetchObservableQueries": [Function],
          "resetStore": [Function],
          "ssrMode": true,
          "store": DataStore {
            "cache": InMemoryCache {
              "addTypename": true,
              "config": Object {
                "addTypename": true,
                "dataIdFromObject": [Function],
                "fragmentMatcher": IntrospectionFragmentMatcher {
                  "isReady": false,
                  "match": [Function],
                },
                "storeFactory": [Function],
              },
              "data": ObjectCache {
                "data": Object {},
              },
              "optimistic": Array [],
              "silenceBroadcast": false,
              "watches": Array [],
            },
          },
          "version": "2.0.4",
          "watchQuery": [Function],
        },
      },
      "ref": null,
      "rendered": Object {
        "instance": null,
        "key": undefined,
        "nodeType": "class",
        "props": Object {
          "cache": Object {},
        },
        "ref": null,
        "rendered": null,
        "type": [Function],
      },
      "type": [Function],
    },
  ],
  Symbol(enzyme.__options__): Object {
    "adapter": ReactSixteenAdapter {
      "options": Object {
        "enableComponentDidUpdateOnSetState": true,
      },
    },
    "context": Object {
      "fetch": [MockFunction],
      "mutate": [MockFunction],
      "query": [MockFunction],
      "refetch": [MockFunction],
      "watchQuery": [Function],
    },
  },
}
`;
